// Jest Snapshot v1, https://goo.gl/fbAQLP

exports[`Statistics should render stats information 1`] = `null`;
